// Jest Snapshot v1, https://goo.gl/fbAQLP

exports[`<Main /> should render the component 1`] = `
.c0 {
  width: 100%;
  height: 100vh;
  display: -webkit-box;
  display: -webkit-flex;
  display: -ms-flexbox;
  display: flex;
  -webkit-box-pack: center;
  -webkit-justify-content: center;
  -ms-flex-pack: center;
  justify-content: center;
  -webkit-align-items: center;
  -webkit-box-align: center;
  -ms-flex-align: center;
  align-items: center;
  background-color: #1a1b28;
}

.c1 {
  color: #00fe57;
  font-size: 3rem;
  font-weight: 700;
}

<main
  class="c0"
  id="main"
>
  <h1
    class="c1"
    id="title"
  >
    Next.js boilerplate
  </h1>
</main>
`
